V3 3
FL "C:/Users/thiag/Downloads/logica 10 15/bingray4bits/bingray4.vhd" 2018/10/14.15:00:38 P.20131013
EN work/bingray4 1539540049 \
      FL "C:/Users/thiag/Downloads/logica 10 15/bingray4bits/bingray4.vhd" \
      PB ieee/std_logic_1164 1381692176
AR work/bingray4/arq 1539540050 \
      FL "C:/Users/thiag/Downloads/logica 10 15/bingray4bits/bingray4.vhd" \
      EN work/bingray4 1539540049
