Release 14.7 - xst P.20131013 (nt64)
Copyright (c) 1995-2013 Xilinx, Inc.  All rights reserved.
--> Parameter TMPDIR set to xst/projnav.tmp


Total REAL time to Xst completion: 0.00 secs
Total CPU time to Xst completion: 0.11 secs
 
--> Parameter xsthdpdir set to xst


Total REAL time to Xst completion: 0.00 secs
Total CPU time to Xst completion: 0.11 secs
 
--> Reading design: top.prj

TABLE OF CONTENTS
  1) Synthesis Options Summary
  2) HDL Compilation
  3) Design Hierarchy Analysis
  4) HDL Analysis
  5) HDL Synthesis
     5.1) HDL Synthesis Report
  6) Advanced HDL Synthesis
     6.1) Advanced HDL Synthesis Report
  7) Low Level Synthesis
  8) Partition Report
  9) Final Report
	9.1) Device utilization summary
	9.2) Partition Resource Summary
	9.3) TIMING REPORT


=========================================================================
*                      Synthesis Options Summary                        *
=========================================================================
---- Source Parameters
Input File Name                    : "top.prj"
Input Format                       : mixed
Ignore Synthesis Constraint File   : NO

---- Target Parameters
Output File Name                   : "top"
Output Format                      : NGC
Target Device                      : xc3s100e-4-cp132

---- Source Options
Top Module Name                    : top
Automatic FSM Extraction           : YES
FSM Encoding Algorithm             : Auto
Safe Implementation                : No
FSM Style                          : LUT
RAM Extraction                     : Yes
RAM Style                          : Auto
ROM Extraction                     : Yes
Mux Style                          : Auto
Decoder Extraction                 : YES
Priority Encoder Extraction        : Yes
Shift Register Extraction          : YES
Logical Shifter Extraction         : YES
XOR Collapsing                     : YES
ROM Style                          : Auto
Mux Extraction                     : Yes
Resource Sharing                   : YES
Asynchronous To Synchronous        : NO
Multiplier Style                   : Auto
Automatic Register Balancing       : No

---- Target Options
Add IO Buffers                     : YES
Global Maximum Fanout              : 100000
Add Generic Clock Buffer(BUFG)     : 24
Register Duplication               : YES
Slice Packing                      : YES
Optimize Instantiated Primitives   : NO
Use Clock Enable                   : Yes
Use Synchronous Set                : Yes
Use Synchronous Reset              : Yes
Pack IO Registers into IOBs        : Auto
Equivalent register Removal        : YES

---- General Options
Optimization Goal                  : Speed
Optimization Effort                : 1
Keep Hierarchy                     : No
Netlist Hierarchy                  : As_Optimized
RTL Output                         : Yes
Global Optimization                : AllClockNets
Read Cores                         : YES
Write Timing Constraints           : NO
Cross Clock Analysis               : NO
Hierarchy Separator                : /
Bus Delimiter                      : <>
Case Specifier                     : Maintain
Slice Utilization Ratio            : 100
BRAM Utilization Ratio             : 100
Verilog 2001                       : YES
Auto BRAM Packing                  : NO
Slice Utilization Ratio Delta      : 5

=========================================================================


=========================================================================
*                          HDL Compilation                              *
=========================================================================
Compiling vhdl file "C:/.Xilinx/mostraChaves/meu_pacote.vhd" in Library work.
Architecture meu_pacote of Entity meu_pacote is up to date.
Compiling vhdl file "C:/.Xilinx/mostraChaves/clock.vhd" in Library work.
Architecture arq of Entity clock is up to date.
Compiling vhdl file "C:/.Xilinx/mostraChaves/seletorDisplay.vhd" in Library work.
Architecture arq of Entity seletordisplay is up to date.
Compiling vhdl file "C:/.Xilinx/mostraChaves/seletorNum.vhd" in Library work.
Architecture arq of Entity seletornum is up to date.
Compiling vhdl file "C:/.Xilinx/mostraChaves/conversor7seg.vhd" in Library work.
Architecture arq of Entity conversor7seg is up to date.
Compiling vhdl file "C:/.Xilinx/mostraChaves/mandaDisp.vhd" in Library work.
Architecture arq of Entity mandadisp is up to date.
Compiling vhdl file "C:/.Xilinx/mostraChaves/mostra1234.vhd" in Library work.
Entity <top> compiled.
Entity <top> (Architecture <arq>) compiled.

=========================================================================
*                     Design Hierarchy Analysis                         *
=========================================================================
Analyzing hierarchy for entity <top> in library <work> (architecture <arq>).

Analyzing hierarchy for entity <clock> in library <work> (architecture <arq>).

Analyzing hierarchy for entity <seletorDisplay> in library <work> (architecture <arq>).

Analyzing hierarchy for entity <seletorNum> in library <work> (architecture <arq>).

Analyzing hierarchy for entity <conversor7seg> in library <work> (architecture <arq>).

Analyzing hierarchy for entity <mandaDisp> in library <work> (architecture <arq>).


=========================================================================
*                            HDL Analysis                               *
=========================================================================
Analyzing Entity <top> in library <work> (Architecture <arq>).
Entity <top> analyzed. Unit <top> generated.

Analyzing Entity <clock> in library <work> (Architecture <arq>).
Entity <clock> analyzed. Unit <clock> generated.

Analyzing Entity <seletorDisplay> in library <work> (Architecture <arq>).
Entity <seletorDisplay> analyzed. Unit <seletorDisplay> generated.

Analyzing Entity <seletorNum> in library <work> (Architecture <arq>).
WARNING:Xst:819 - "C:/.Xilinx/mostraChaves/seletorNum.vhd" line 22: One or more signals are missing in the process sensitivity list. To enable synthesis of FPGA/CPLD hardware, XST will assume that all necessary signals are present in the sensitivity list. Please note that the result of the synthesis may differ from the initial design specification. The missing signals are:
   <display>, <centenas>, <dezenas>, <unidades>
Entity <seletorNum> analyzed. Unit <seletorNum> generated.

Analyzing Entity <conversor7seg> in library <work> (Architecture <arq>).
INFO:Xst:1561 - "C:/.Xilinx/mostraChaves/conversor7seg.vhd" line 30: Mux is complete : default of case is discarded
Entity <conversor7seg> analyzed. Unit <conversor7seg> generated.

Analyzing Entity <mandaDisp> in library <work> (Architecture <arq>).
Entity <mandaDisp> analyzed. Unit <mandaDisp> generated.


=========================================================================
*                           HDL Synthesis                               *
=========================================================================

Performing bidirectional port resolution...

Synthesizing Unit <clock>.
    Related source file is "C:/.Xilinx/mostraChaves/clock.vhd".
    Found 1-bit register for signal <clk>.
    Found 16-bit up counter for signal <i>.
    Found 1-bit register for signal <v_clk>.
    Found 16-bit adder for signal <v_clk$add0000> created at line 17.
    Summary:
	inferred   1 Counter(s).
	inferred   2 D-type flip-flop(s).
	inferred   1 Adder/Subtractor(s).
Unit <clock> synthesized.


Synthesizing Unit <seletorDisplay>.
    Related source file is "C:/.Xilinx/mostraChaves/seletorDisplay.vhd".
    Found 4-bit register for signal <display>.
    Found 3-bit register for signal <i>.
    Found 3-bit adder for signal <i$addsub0000> created at line 14.
    Summary:
	inferred   7 D-type flip-flop(s).
	inferred   1 Adder/Subtractor(s).
Unit <seletorDisplay> synthesized.


Synthesizing Unit <seletorNum>.
    Related source file is "C:/.Xilinx/mostraChaves/seletorNum.vhd".
WARNING:Xst:737 - Found 4-bit latch for signal <num>. Latches may be generated from incomplete case or if statements. We do not recommend the use of latches in FPGA/CPLD designs, as they may lead to timing problems.
INFO:Xst:2371 - HDL ADVISOR - Logic functions respectively driving the data and gate enable inputs of this latch share common terms. This situation will potentially lead to setup/hold violations and, as a result, to simulation problems. This situation may come from an incomplete case statement (all selector values are not covered). You should carefully review if it was in your intentions to describe such a latch.
    Found 4-bit comparator greater for signal <bcd_3$cmp_gt0000> created at line 47.
    Found 4-bit comparator greater for signal <bcd_3$cmp_gt0001> created at line 47.
    Found 4-bit comparator greater for signal <bcd_3$cmp_gt0002> created at line 47.
    Found 4-bit comparator greater for signal <bcd_3$cmp_gt0003> created at line 47.
    Found 4-bit comparator greater for signal <bcd_3$cmp_gt0004> created at line 47.
    Found 4-bit adder for signal <bcd_3_0$add0000> created at line 49.
    Found 4-bit adder for signal <bcd_3_0$add0001> created at line 49.
    Found 4-bit adder for signal <bcd_3_0$add0002> created at line 49.
    Found 4-bit adder for signal <bcd_3_0$add0003> created at line 49.
    Found 4-bit adder for signal <bcd_3_0$add0004> created at line 49.
    Found 4-bit comparator greater for signal <bcd_7$cmp_gt0000> created at line 51.
    Found 4-bit comparator greater for signal <bcd_7$cmp_gt0001> created at line 51.
    Found 4-bit adder for signal <bcd_7_4$add0000> created at line 53.
    Found 4-bit adder for signal <bcd_7_4$add0001> created at line 53.
    Summary:
	inferred   7 Adder/Subtractor(s).
	inferred   7 Comparator(s).
Unit <seletorNum> synthesized.


Synthesizing Unit <conversor7seg>.
    Related source file is "C:/.Xilinx/mostraChaves/conversor7seg.vhd".
    Found 16x7-bit ROM for signal <seg7>.
    Summary:
	inferred   1 ROM(s).
Unit <conversor7seg> synthesized.


Synthesizing Unit <mandaDisp>.
    Related source file is "C:/.Xilinx/mostraChaves/mandaDisp.vhd".
Unit <mandaDisp> synthesized.


Synthesizing Unit <top>.
    Related source file is "C:/.Xilinx/mostraChaves/mostra1234.vhd".
Unit <top> synthesized.


=========================================================================
HDL Synthesis Report

Macro Statistics
# ROMs                                                 : 1
 16x7-bit ROM                                          : 1
# Adders/Subtractors                                   : 9
 16-bit adder                                          : 1
 3-bit adder                                           : 1
 4-bit adder                                           : 7
# Counters                                             : 1
 16-bit up counter                                     : 1
# Registers                                            : 4
 1-bit register                                        : 2
 3-bit register                                        : 1
 4-bit register                                        : 1
# Latches                                              : 1
 4-bit latch                                           : 1
# Comparators                                          : 7
 4-bit comparator greater                              : 7

=========================================================================

=========================================================================
*                       Advanced HDL Synthesis                          *
=========================================================================


=========================================================================
Advanced HDL Synthesis Report

Macro Statistics
# ROMs                                                 : 1
 16x7-bit ROM                                          : 1
# Adders/Subtractors                                   : 9
 16-bit adder                                          : 1
 3-bit adder                                           : 1
 4-bit adder                                           : 7
# Counters                                             : 1
 16-bit up counter                                     : 1
# Registers                                            : 9
 Flip-Flops                                            : 9
# Latches                                              : 1
 4-bit latch                                           : 1
# Comparators                                          : 7
 4-bit comparator greater                              : 7

=========================================================================

=========================================================================
*                         Low Level Synthesis                           *
=========================================================================

Optimizing unit <top> ...

Optimizing unit <clock> ...

Optimizing unit <seletorDisplay> ...
WARNING:Xst:1710 - FF/Latch <display_3> (without init value) has a constant value of 1 in block <seletorDisplay>. This FF/Latch will be trimmed during the optimization process.
WARNING:Xst:1293 - FF/Latch <i_2> has a constant value of 0 in block <seletorDisplay>. This FF/Latch will be trimmed during the optimization process.
INFO:Xst:2261 - The FF/Latch <i_1> in Unit <seletorDisplay> is equivalent to the following FF/Latch, which will be removed : <display_0> 
INFO:Xst:2261 - The FF/Latch <i_0> in Unit <seletorDisplay> is equivalent to the following FF/Latch, which will be removed : <display_1> 
WARNING:Xst:1293 - FF/Latch <i_2> has a constant value of 0 in block <seletorDisplay>. This FF/Latch will be trimmed during the optimization process.
INFO:Xst:2261 - The FF/Latch <i_1> in Unit <seletorDisplay> is equivalent to the following FF/Latch, which will be removed : <display_0> 

Optimizing unit <seletorNum> ...

Mapping all equations...
Building and optimizing final netlist ...
Found area constraint ratio of 100 (+ 5) on block top, actual ratio is 7.

Final Macro Processing ...

=========================================================================
Final Register Report

Macro Statistics
# Registers                                            : 21
 Flip-Flops                                            : 21

=========================================================================

=========================================================================
*                           Partition Report                            *
=========================================================================

Partition Implementation Status
-------------------------------

  No Partitions were found in this design.

-------------------------------

=========================================================================
*                            Final Report                               *
=========================================================================
Final Results
RTL Top Level Output File Name     : top.ngr
Top Level Output File Name         : top
Output Format                      : NGC
Optimization Goal                  : Speed
Keep Hierarchy                     : No

Design Statistics
# IOs                              : 21

Cell Usage :
# BELS                             : 185
#      GND                         : 1
#      INV                         : 6
#      LUT1                        : 30
#      LUT2                        : 21
#      LUT2_L                      : 1
#      LUT3                        : 14
#      LUT3_L                      : 1
#      LUT4                        : 42
#      MUXCY                       : 30
#      MUXF5                       : 6
#      VCC                         : 1
#      XORCY                       : 32
# FlipFlops/Latches                : 25
#      FD                          : 1
#      FDC                         : 15
#      FDCE                        : 1
#      FDE                         : 1
#      FDP                         : 1
#      FDS                         : 2
#      LD                          : 4
# Clock Buffers                    : 1
#      BUFGP                       : 1
# IO Buffers                       : 20
#      IBUF                        : 9
#      OBUF                        : 11
=========================================================================

Device utilization summary:
---------------------------

Selected Device : 3s100ecp132-4 

 Number of Slices:                       60  out of    960     6%  
 Number of Slice Flip Flops:             25  out of   1920     1%  
 Number of 4 input LUTs:                115  out of   1920     5%  
 Number of IOs:                          21
 Number of bonded IOBs:                  21  out of     83    25%  
 Number of GCLKs:                         1  out of     24     4%  

---------------------------
Partition Resource Summary:
---------------------------

  No Partitions were found in this design.

---------------------------


=========================================================================
TIMING REPORT

NOTE: THESE TIMING NUMBERS ARE ONLY A SYNTHESIS ESTIMATE.
      FOR ACCURATE TIMING INFORMATION PLEASE REFER TO THE TRACE REPORT
      GENERATED AFTER PLACE-and-ROUTE.

Clock Information:
------------------
---------------------------------------+------------------------+-------+
Clock Signal                           | Clock buffer(FF name)  | Load  |
---------------------------------------+------------------------+-------+
mclk                                   | BUFGP                  | 18    |
map_1/clk                              | NONE(map_2/i_1)        | 3     |
map_3/num_not0001(map_3/num_not00011:O)| NONE(*)(map_3/num_3)   | 4     |
---------------------------------------+------------------------+-------+
(*) This 1 clock signal(s) are generated by combinatorial logic,
and XST is not able to identify which are the primary clock signals.
Please use the CLOCK_SIGNAL constraint to specify the clock signal(s) generated by combinatorial logic.
INFO:Xst:2169 - HDL ADVISOR - Some clock signals were not automatically buffered by XST with BUFG/BUFR resources. Please use the buffer_type constraint in order to insert these buffers to the clock signals to help prevent skew problems.

Asynchronous Control Signals Information:
----------------------------------------
-----------------------------------+------------------------+-------+
Control Signal                     | Buffer(FF name)        | Load  |
-----------------------------------+------------------------+-------+
reset                              | IBUF                   | 17    |
-----------------------------------+------------------------+-------+

Timing Summary:
---------------
Speed Grade: -4

   Minimum period: 8.579ns (Maximum Frequency: 116.564MHz)
   Minimum input arrival time before clock: 13.820ns
   Maximum output required time after clock: 5.955ns
   Maximum combinational path delay: No path found

Timing Detail:
--------------
All values displayed in nanoseconds (ns)

=========================================================================
Timing constraint: Default period analysis for Clock 'mclk'
  Clock period: 8.579ns (frequency: 116.564MHz)
  Total number of paths / destination ports: 2586 / 19
-------------------------------------------------------------------------
Delay:               8.579ns (Levels of Logic = 7)
  Source:            map_1/i_1 (FF)
  Destination:       map_1/i_15 (FF)
  Source Clock:      mclk rising
  Destination Clock: mclk rising

  Data Path: map_1/i_1 to map_1/i_15
                                Gate     Net
    Cell:in->out      fanout   Delay   Delay  Logical Name (Net Name)
    ----------------------------------------  ------------
     FDC:C->Q              2   0.591   0.622  map_1/i_1 (map_1/i_1)
     LUT1:I0->O            1   0.704   0.000  map_1/Madd_v_clk_add0000_cy<1>_rt (map_1/Madd_v_clk_add0000_cy<1>_rt)
     MUXCY:S->O            1   0.464   0.000  map_1/Madd_v_clk_add0000_cy<1> (map_1/Madd_v_clk_add0000_cy<1>)
     XORCY:CI->O           1   0.804   0.595  map_1/Madd_v_clk_add0000_xor<2> (map_1/v_clk_add0000<2>)
     LUT3_L:I0->LO         1   0.704   0.104  map_1/i_cmp_eq000052_SW0 (N29)
     LUT4:I3->O            1   0.704   0.424  map_1/i_cmp_eq000052 (map_1/i_cmp_eq000052)
     LUT4:I3->O           18   0.704   1.147  map_1/i_cmp_eq000075 (map_1/i_cmp_eq0000)
     LUT2:I1->O            1   0.704   0.000  map_1/Mcount_i_eqn_91 (map_1/Mcount_i_eqn_9)
     FDC:D                     0.308          map_1/i_9
    ----------------------------------------
    Total                      8.579ns (5.687ns logic, 2.892ns route)
                                       (66.3% logic, 33.7% route)

=========================================================================
Timing constraint: Default period analysis for Clock 'map_1/clk'
  Clock period: 2.984ns (frequency: 335.121MHz)
  Total number of paths / destination ports: 6 / 5
-------------------------------------------------------------------------
Delay:               2.984ns (Levels of Logic = 1)
  Source:            map_2/i_0 (FF)
  Destination:       map_2/i_0 (FF)
  Source Clock:      map_1/clk rising
  Destination Clock: map_1/clk rising

  Data Path: map_2/i_0 to map_2/i_0
                                Gate     Net
    Cell:in->out      fanout   Delay   Delay  Logical Name (Net Name)
    ----------------------------------------  ------------
     FDS:C->Q             12   0.591   0.961  map_2/i_0 (map_2/i_0)
     INV:I->O              1   0.704   0.420  map_2/N211_INV_0 (map_2/N21)
     FDS:D                     0.308          map_2/i_0
    ----------------------------------------
    Total                      2.984ns (1.603ns logic, 1.381ns route)
                                       (53.7% logic, 46.3% route)

=========================================================================
Timing constraint: Default OFFSET IN BEFORE for Clock 'mclk'
  Total number of paths / destination ports: 1 / 1
-------------------------------------------------------------------------
Offset:              3.965ns (Levels of Logic = 2)
  Source:            reset (PAD)
  Destination:       map_1/clk (FF)
  Destination Clock: mclk rising

  Data Path: reset to map_1/clk
                                Gate     Net
    Cell:in->out      fanout   Delay   Delay  Logical Name (Net Name)
    ----------------------------------------  ------------
     IBUF:I->O            18   1.218   1.068  reset_IBUF (reset_IBUF)
     INV:I->O              1   0.704   0.420  map_1/reset_inv1_INV_0 (map_1/reset_inv)
     FDE:CE                    0.555          map_1/clk
    ----------------------------------------
    Total                      3.965ns (2.477ns logic, 1.488ns route)
                                       (62.5% logic, 37.5% route)

=========================================================================
Timing constraint: Default OFFSET IN BEFORE for Clock 'map_3/num_not0001'
  Total number of paths / destination ports: 1055 / 4
-------------------------------------------------------------------------
Offset:              13.820ns (Levels of Logic = 11)
  Source:            vetor<5> (PAD)
  Destination:       map_3/num_3 (LATCH)
  Destination Clock: map_3/num_not0001 falling

  Data Path: vetor<5> to map_3/num_3
                                Gate     Net
    Cell:in->out      fanout   Delay   Delay  Logical Name (Net Name)
    ----------------------------------------  ------------
     IBUF:I->O            14   1.218   1.175  vetor_5_IBUF (vetor_5_IBUF)
     LUT4:I0->O            1   0.704   0.499  map_3/Madd_bcd_3_0_add0003_cy<2>141 (map_3/N20)
     LUT4:I1->O            1   0.704   0.455  map_3/Madd_bcd_3_0_add0003_cy<2>110 (map_3/Madd_bcd_3_0_add0003_cy<2>110)
     LUT4:I2->O            1   0.704   0.499  map_3/Madd_bcd_3_0_add0003_cy<2>171 (map_3/Madd_bcd_3_0_add0003_cy<2>)
     LUT4:I1->O            7   0.704   0.883  map_3/bcd_3_mux0003 (map_3/Madd_bcd_7_4_add0001_cy<0>)
     LUT4:I0->O            1   0.704   0.455  map_3/num_mux0002<0>112 (map_3/N17)
     LUT4:I2->O            6   0.704   0.748  map_3/bcd_7_cmp_gt0001 (map_3/bcd_7_cmp_gt0001)
     LUT3:I1->O            1   0.704   0.000  map_3/num_mux0002<3>622 (map_3/num_mux0002<3>622)
     MUXF5:I0->O           1   0.321   0.499  map_3/num_mux0002<3>62_f5 (map_3/num_mux0002<3>62)
     LUT4:I1->O            1   0.704   0.424  map_3/num_mux0002<3>109 (map_3/num_mux0002<3>109)
     LUT4:I3->O            1   0.704   0.000  map_3/num_mux0002<3>179 (map_3/num_mux0002<3>)
     LD:D                      0.308          map_3/num_3
    ----------------------------------------
    Total                     13.820ns (8.183ns logic, 5.637ns route)
                                       (59.2% logic, 40.8% route)

=========================================================================
Timing constraint: Default OFFSET OUT AFTER for Clock 'map_1/clk'
  Total number of paths / destination ports: 3 / 3
-------------------------------------------------------------------------
Offset:              4.824ns (Levels of Logic = 1)
  Source:            map_2/i_0 (FF)
  Destination:       display<1> (PAD)
  Source Clock:      map_1/clk rising

  Data Path: map_2/i_0 to display<1>
                                Gate     Net
    Cell:in->out      fanout   Delay   Delay  Logical Name (Net Name)
    ----------------------------------------  ------------
     FDS:C->Q             12   0.591   0.961  map_2/i_0 (map_2/i_0)
     OBUF:I->O                 3.272          display_1_OBUF (display<1>)
    ----------------------------------------
    Total                      4.824ns (3.863ns logic, 0.961ns route)
                                       (80.1% logic, 19.9% route)

=========================================================================
Timing constraint: Default OFFSET OUT AFTER for Clock 'map_3/num_not0001'
  Total number of paths / destination ports: 28 / 7
-------------------------------------------------------------------------
Offset:              5.955ns (Levels of Logic = 2)
  Source:            map_3/num_1 (LATCH)
  Destination:       seg7<6> (PAD)
  Source Clock:      map_3/num_not0001 falling

  Data Path: map_3/num_1 to seg7<6>
                                Gate     Net
    Cell:in->out      fanout   Delay   Delay  Logical Name (Net Name)
    ----------------------------------------  ------------
     LD:G->Q               7   0.676   0.883  map_3/num_1 (map_3/num_1)
     LUT4:I0->O            1   0.704   0.420  map_4/Mrom_seg741 (seg7_4_OBUF)
     OBUF:I->O                 3.272          seg7_4_OBUF (seg7<4>)
    ----------------------------------------
    Total                      5.955ns (4.652ns logic, 1.303ns route)
                                       (78.1% logic, 21.9% route)

=========================================================================


Total REAL time to Xst completion: 5.00 secs
Total CPU time to Xst completion: 5.40 secs
 
--> 

Total memory usage is 4534440 kilobytes

Number of errors   :    0 (   0 filtered)
Number of warnings :    5 (   0 filtered)
Number of infos    :    6 (   0 filtered)

