V3 4
FL C:/Users/Aluno_2/Downloads/aula_09_26/aula_09_26/multiplexador/multiplexador.vhd 2018/10/03.19:29:25 P.20131013
EN work/multiplexador 1538605770 \
      FL C:/Users/Aluno_2/Downloads/aula_09_26/aula_09_26/multiplexador/multiplexador.vhd \
      PB ieee/std_logic_1164 1381692176 PB ieee/NUMERIC_STD 1381692181
AR work/multiplexador/arq 1538605771 \
      FL C:/Users/Aluno_2/Downloads/aula_09_26/aula_09_26/multiplexador/multiplexador.vhd \
      EN work/multiplexador 1538605770
FL C:/Users/Aluno_2/Downloads/aula_09_26/multiplexador/multiplexador.vhd 2018/09/26.20:03:21 P.20131013
