PH meu_pacote NULL C:/.Xilinx/detector123_2/meu_pacote.vhd sub00/vhpl00 1544045411
EN maquinaestados NULL C:/.Xilinx/detector123_2/MaquinaEstados.vhd sub00/vhpl02 1544045412
AR top arq C:/.Xilinx/detector123_2/top.vhd sub00/vhpl04 1544045415
EN top NULL C:/.Xilinx/detector123_2/top.vhd sub00/vhpl01 1544045414
AR maquinaestados arq C:/.Xilinx/detector123_2/MaquinaEstados.vhd sub00/vhpl03 1544045413
