EN impar NULL C:/Users/thiag/Downloads/logica/aula_09_26/multiplexador/multiplexador.vhd sub00/vhpl02 1539480578
EN multiplexador NULL C:/Users/Aluno_2/Downloads/aula_09_26/aula_09_26/multiplexador/multiplexador.vhd sub00/vhpl00 1538605770
AR impar arq C:/Users/thiag/Downloads/logica/aula_09_26/multiplexador/multiplexador.vhd sub00/vhpl03 1539480579
AR multiplexador arq C:/Users/Aluno_2/Downloads/aula_09_26/aula_09_26/multiplexador/multiplexador.vhd sub00/vhpl01 1538605771
