V3 3
FL C:/logicareconfiguravel/exemplo3/exemplo3.vhd 2018/08/15.19:42:07 P.20131013
EN work/exemplo2 1534372933 FL C:/logicareconfiguravel/exemplo3/exemplo3.vhd \
      PB ieee/std_logic_1164 1381692176
AR work/exemplo2/Behavioral 1534372934 \
      FL C:/logicareconfiguravel/exemplo3/exemplo3.vhd EN work/exemplo2 1534372933
